// Jest Snapshot v1, https://goo.gl/fbAQLP

exports[`<AspectRatioFixedImage> it matches with the previous snapshot 1`] = `
.emotion-1 {
  width: 100%;
  height: auto;
}

.emotion-0 {
  padding-top: 75%;
  background-image: url(https://loremflickr.com/320/240);
  background-size: contain;
  background-repeat: no-repeat;
  background-position: center center;
}

<div
  class="emotion-1"
>
  <div
    class="emotion-0"
    src="https://loremflickr.com/320/240"
  />
</div>
`;
